LD I, 0x2b4
CALL 0x3e6
CALL 0x2b6
ADD V0, 0x1
DRW V0, V1, 0x1
SE V0, 0x25
JP 0x206
ADD V1, 0xff
DRW V0, V1, 0x1
LD V0, 0x1a
DRW V0, V1, 0x1
LD V0, 0x25
SE V1, 0
JP 0x20e
RND V4, 0x70
SNE V4, 0x70
JP 0x21c
RND V3, 0x3
LD V0, 0x1e
LD V1, 0x3
CALL 0x25c
LD DT, V5
DRW V0, V1, 0x4
SE Vf, 0x1
JP 0x23c
DRW V0, V1, 0x4
ADD V1, 0xff
DRW V0, V1, 0x4
CALL 0x340
JP 0x21c
SKNP V7
CALL 0x272
SKNP V8
CALL 0x284
SKNP V9
CALL 0x296
SKP V2
JP 0x250
LD V6, 0
LD DT, V6
LD V6, DT
SE V6, 0
JP 0x23c
DRW V0, V1, 0x4
ADD V1, 0x1
JP 0x22a
LD I, 0x2c4
ADD I, V4
LD V6, 0
SNE V3, 0x1
LD V6, 0x4
SNE V3, 0x2
LD V6, 0x8
SNE V3, 0x3
LD V6, 0xc
ADD I, V6
RET
DRW V0, V1, 0x4
ADD V0, 0xff
CALL 0x334
SE Vf, 0x1
RET
DRW V0, V1, 0x4
ADD V0, 0x1
CALL 0x334
RET
DRW V0, V1, 0x4
ADD V0, 0x1
CALL 0x334
SE Vf, 0x1
RET
DRW V0, V1, 0x4
ADD V0, 0xff
CALL 0x334
RET
DRW V0, V1, 0x4
ADD V3, 0x1
SNE V3, 0x4
LD V3, 0
CALL 0x25c
CALL 0x334
SE Vf, 0x1
RET
DRW V0, V1, 0x4
ADD V3, 0xff
SNE V3, 0xff
LD V3, 0x3
CALL 0x25c
CALL 0x334
RET
LD V0, V0
LD V7, 0x5
LD V8, 0x6
LD V9, 0x4
LD V1, 0x1f
LD V5, 0x10
LD V2, 0x7
RET
SNE V0, 0xe0
SYS 0
SNE V0, 0xc0
SNE V0, 0
CLS
SNE V0, 0
SNE V0, 0x60
SNE V0, 0
SNE V0, 0x40
LD V0, 0
CALL 0xe0
SYS 0
RND V0, 0x40
SNE V0, 0
CLS
LD V0, V0
SNE V0, 0x40
RND V0, 0
CLS
CALL 0
LD V0, 0x40
SNE V0, 0
LD V0, Ve
SYS 0
SNE V0, 0xc0
LD V0, V0
RND V0, 0x60
SYS 0
SNE V0, 0xc0
LD V0, V0
RND V0, 0x60
SYS 0
LD V0, Vc
SNE V0, 0
SYS 0x60
RND V0, 0
LD V0, Vc
SNE V0, 0
SYS 0x60
RND V0, 0
RND V0, 0xc0
SYS 0
RND V0, 0xc0
SYS 0
RND V0, 0xc0
SYS 0
RND V0, 0xc0
SYS 0
SNE V0, 0x40
SNE V0, 0x40
SYS 0xf0
SYS 0
SNE V0, 0x40
SNE V0, 0x40
SYS 0xf0
SYS 0
DRW V0, V1, 0x4
LD V6, 0x35
ADD V6, 0xff
SE V6, 0
JP 0x338
RET
LD I, 0x2b4
LD Vc, V1
SE Vc, 0x1e
ADD Vc, 0x1
SE Vc, 0x1e
ADD Vc, 0x1
SE Vc, 0x1e
ADD Vc, 0x1
CALL 0x35e
SNE Vb, 0xa
CALL 0x372
SNE V1, Vc
RET
ADD V1, 0x1
JP 0x350
LD V0, 0x1b
LD Vb, 0
DRW V0, V1, 0x1
SE Vf, 0
ADD Vb, 0x1
DRW V0, V1, 0x1
ADD V0, 0x1
SE V0, 0x25
JP 0x362
RET
LD V0, 0x1b
DRW V0, V1, 0x1
ADD V0, 0x1
SE V0, 0x25
JP 0x374
LD Ve, V1
LD Vd, Ve
ADD Ve, 0xff
LD V0, 0x1b
LD Vb, 0
DRW V0, Ve, 0x1
SE Vf, 0
JP 0x390
DRW V0, Ve, 0x1
JP 0x394
DRW V0, Vd, 0x1
ADD Vb, 0x1
ADD V0, 0x1
SE V0, 0x25
JP 0x386
SNE Vb, 0
JP 0x3a6
ADD Vd, 0xff
ADD Ve, 0xff
SE Vd, 0x1
JP 0x382
CALL 0x3c0
SE Vf, 0x1
CALL 0x3c0
ADD Va, 0x1
CALL 0x3c0
LD V0, Va
LD Vd, 0x7
AND V0, Vd
SNE V0, 0x4
ADD V5, 0xfe
SNE V5, 0x2
LD V5, 0x4
RET
LD I, 0x700
LD [I], V2
LD I, 0x804
LD B, Va
LD V2, [I]
LD F, V0
LD Vd, 0x32
LD Ve, 0
DRW Vd, Ve, 0x5
ADD Vd, 0x5
LD F, V1
DRW Vd, Ve, 0x5
ADD Vd, 0x5
LD F, V2
DRW Vd, Ve, 0x5
LD I, 0x700
LD V2, [I]
LD I, 0x2b4
RET
LD Va, 0
LD V0, 0x19
RET
SE V7, 0x23
SE V7, 0x23
